Final Score: 335
